// Jest Snapshot v1, https://goo.gl/fbAQLP

exports[`getFiltersFromQueryString 1`] = `
Array [
  Object {
    "display": undefined,
    "name": "-is",
    "value": "not started",
  },
  Object {
    "display": undefined,
    "name": "-label",
    "value": "label 4",
  },
  Object {
    "display": undefined,
    "name": "-type",
    "value": "file",
  },
  Object {
    "display": undefined,
    "name": "is",
    "value": "favorited",
  },
  Object {
    "display": undefined,
    "name": "label",
    "values": Array [
      "label 1",
      "label 2",
      "label 3",
    ],
  },
  Object {
    "display": undefined,
    "name": "search",
    "values": Array [
      "random string",
      "test string",
      "another string",
    ],
  },
]
`;

exports[`getQueryStringFromFilters 1`] = `"-is.value=not%20started&-label.value=label%204&-type.value=file&is.value=favorited&label.value[]=label%201&label.value[]=label%202&label.value[]=label%203&search.value[]=random%20string&search.value[]=test%20string&search.value[]=another%20string"`;

exports[`getQueryStringFromFilters 2`] = `
Object {
  "-is.value": "not started",
  "-label.value": "label 4",
  "-type.value": "file",
  "is.value": "favorited",
  "label.value": Array [
    "label 1",
    "label 2",
    "label 3",
  ],
  "search.value": Array [
    "random string",
    "test string",
    "another string",
  ],
}
`;
